IF
LPAREN
ID[x]
EQUAL
ID[y]
RPAREN
THEN
INPUT
ID[x]
SEMICOLON
ELSE
OUTPUT
ID[x]
SEMICOLON
