WHILE
NEGATION
LPAREN
ID[x]
ADD
ID[y]
ASSIGN
ASSIGN
EQUAL
ID[z10]
MULT
CONST[101]
BEGIN
ID[test]
SEMICOLON
ID[test]
ASSIGN
ID[test1]
SUB
ID[test2]
SEMICOLON
ENDWHILE
END
