ID[pRogram]
ID[Input]
ID[outpUt]
ID[iF]
ID[TheN]
ID[ENDIF]
ID[BEGIN]
ID[EnD]
REF
ID[EOS]
