PROGRAM
INT
ID[x]
COMMA
ID[y]
COMMA
ID[z]
SEMICOLON
ID[A]
LPAREN
ID[a]
COMMA
ID[b]
COMMA
ID[c]
RPAREN
BEGIN
ID[a]
ASSIGN
ID[b]
LESS
ID[c]
SEMICOLON
ENDFUNC
BEGIN
INPUT
ID[x]
COMMA
ID[y]
COMMA
ID[z]
SEMICOLON
ID[A]
LPAREN
ID[x]
COMMA
ID[y]
COMMA
ID[z]
RPAREN
SEMICOLON
END
