PROGRAM
INT
ID[X]
COMMA
ID[Y]
COMMA
ID[XY]
SEMICOLON
BEGIN
ID[X]
ASSIGN
CONST[0]
SEMICOLON
OUTPUT
ID[X]
SEMICOLON
END
