PROGRAM
INT
ID[X]
COMMA
ID[Y]
COMMA
ID[XY]
SEMICOLON
ID[a]
LPAREN
ID[b]
COMMA
ID[c]
COMMA
ID[d]
RPAREN
BEGIN
ID[a]
ASSIGN
ID[a]
ADD
ID[b]
ADD
ID[c]
SEMICOLON
ENDFUNC
SEMICOLON
BEGIN
ID[X]
ASSIGN
CONST[0]
SEMICOLON
OUTPUT
ID[X]
SEMICOLON
END
